// Jest Snapshot v1, https://goo.gl/fbAQLP

exports[`DeveloperAccess renders correctly 1`] = `
<RNCSafeAreaView
  edges={
    {
      "bottom": "additive",
      "left": "additive",
      "right": "additive",
      "top": "additive",
    }
  }
  style={
    {
      "flex": 1,
    }
  }
>
  <View
    style={
      {
        "borderColor": "grey",
        "borderRadius": 5,
        "borderWidth": 1,
        "margin": 10,
        "padding": 10,
      }
    }
  >
    <Text
      style={
        {
          "fontSize": 18,
          "fontWeight": "bold",
        }
      }
    >
      SVG
    </Text>
    <View
      style={
        {
          "padding": 10,
        }
      }
    >
      <Text>
         
      </Text>
    </View>
    <View
      style={
        {
          "alignItems": "center",
        }
      }
    >
      <View
        accessibilityState={
          {
            "busy": undefined,
            "checked": undefined,
            "disabled": undefined,
            "expanded": undefined,
            "selected": undefined,
          }
        }
        accessibilityValue={
          {
            "max": undefined,
            "min": undefined,
            "now": undefined,
            "text": undefined,
          }
        }
        accessible={true}
        collapsable={false}
        focusable={true}
        onClick={[Function]}
        onResponderGrant={[Function]}
        onResponderMove={[Function]}
        onResponderRelease={[Function]}
        onResponderTerminate={[Function]}
        onResponderTerminationRequest={[Function]}
        onStartShouldSetResponder={[Function]}
        style={
          {
            "opacity": 1,
          }
        }
      >
        <View
          style={
            {
              "alignItems": "center",
              "backgroundColor": "#8AB9EF",
              "borderColor": "grey",
              "borderRadius": 10,
              "borderWidth": 1,
              "marginTop": 5,
              "padding": 10,
              "width": 300,
            }
          }
        >
          <Text
            style={
              {
                "color": "white",
              }
            }
          >
             
            Select SVG
             
          </Text>
        </View>
      </View>
    </View>
    <View
      style={
        {
          "alignItems": "center",
        }
      }
    >
      <View
        accessibilityState={
          {
            "busy": undefined,
            "checked": undefined,
            "disabled": undefined,
            "expanded": undefined,
            "selected": undefined,
          }
        }
        accessibilityValue={
          {
            "max": undefined,
            "min": undefined,
            "now": undefined,
            "text": undefined,
          }
        }
        accessible={true}
        collapsable={false}
        focusable={true}
        onClick={[Function]}
        onResponderGrant={[Function]}
        onResponderMove={[Function]}
        onResponderRelease={[Function]}
        onResponderTerminate={[Function]}
        onResponderTerminationRequest={[Function]}
        onStartShouldSetResponder={[Function]}
        style={
          {
            "opacity": 1,
          }
        }
      >
        <View
          style={
            {
              "alignItems": "center",
              "backgroundColor": "#8AB9EF",
              "borderColor": "grey",
              "borderRadius": 10,
              "borderWidth": 1,
              "marginTop": 5,
              "padding": 10,
              "width": 300,
            }
          }
        >
          <Text
            style={
              {
                "color": "white",
              }
            }
          >
             
            Upload SVG
             
          </Text>
        </View>
      </View>
    </View>
  </View>
  <View
    style={
      {
        "borderColor": "grey",
        "borderRadius": 5,
        "borderWidth": 1,
        "margin": 10,
        "padding": 10,
      }
    }
  >
    <Text
      style={
        {
          "fontSize": 18,
          "fontWeight": "bold",
        }
      }
    >
      Store Info
    </Text>
    <View
      style={
        {
          "padding": 10,
        }
      }
    >
      <View
        style={
          {
            "alignItems": "center",
            "backgroundColor": "#fff",
            "borderRadius": 10,
            "borderWidth": 1,
            "flexDirection": "row",
            "paddingLeft": 5,
          }
        }
      >
        <Text />
        <TextInput
          onChangeText={[Function]}
          placeholder="Enter Store"
          style={
            {
              "flex": 1,
              "paddingLeft": 5,
            }
          }
          value=""
        />
      </View>
    </View>
    <TextInput
      onChangeText={[Function]}
      placeholder="Input Promo Info"
      style={
        {
          "backgroundColor": "#fff",
          "borderRadius": 10,
          "borderWidth": 1,
          "marginHorizontal": 10,
          "paddingLeft": 10,
          "paddingVertical": 3,
          "textAlign": "left",
        }
      }
      value=""
    />
    <View
      style={
        {
          "alignItems": "center",
        }
      }
    >
      <View
        accessibilityState={
          {
            "busy": undefined,
            "checked": undefined,
            "disabled": undefined,
            "expanded": undefined,
            "selected": undefined,
          }
        }
        accessibilityValue={
          {
            "max": undefined,
            "min": undefined,
            "now": undefined,
            "text": undefined,
          }
        }
        accessible={true}
        collapsable={false}
        focusable={true}
        onClick={[Function]}
        onResponderGrant={[Function]}
        onResponderMove={[Function]}
        onResponderRelease={[Function]}
        onResponderTerminate={[Function]}
        onResponderTerminationRequest={[Function]}
        onStartShouldSetResponder={[Function]}
        style={
          {
            "opacity": 1,
          }
        }
      >
        <View
          style={
            {
              "alignItems": "center",
              "backgroundColor": "#8AB9EF",
              "borderColor": "grey",
              "borderRadius": 10,
              "borderWidth": 1,
              "marginTop": 5,
              "padding": 10,
              "width": 300,
            }
          }
        >
          <Text
            style={
              {
                "color": "white",
              }
            }
          >
             
            Upload Store Info
             
          </Text>
        </View>
      </View>
    </View>
  </View>
</RNCSafeAreaView>
`;
