// Jest Snapshot v1, https://goo.gl/fbAQLP

exports[`SignIn renders correctly 1`] = `
[
  "MockedScreenComponent",
  <View
    style={
      {
        "alignItems": "center",
        "flex": 1,
        "justifyContent": "center",
      }
    }
  >
    <TextInput
      autoCapitalize="none"
      autoCompleteType="email"
      keyboardType="email-address"
      onChangeText={[Function]}
      placeholder="Email"
      style={
        {
          "borderColor": "grey",
          "borderRadius": 10,
          "borderWidth": 1,
          "marginBottom": 5,
          "padding": 10,
          "textAlign": "left",
          "width": "80%",
        }
      }
      textContentType="emailAddress"
      value=""
    />
    <TextInput
      autoCapitalize="none"
      autoCompleteType="password"
      onChangeText={[Function]}
      placeholder="Password"
      secureTextEntry={true}
      style={
        {
          "borderColor": "grey",
          "borderRadius": 10,
          "borderWidth": 1,
          "marginBottom": 5,
          "padding": 10,
          "textAlign": "left",
          "width": "80%",
        }
      }
      textContentType="password"
      value=""
    />
    <View
      accessibilityState={
        {
          "busy": undefined,
          "checked": undefined,
          "disabled": undefined,
          "expanded": undefined,
          "selected": undefined,
        }
      }
      accessibilityValue={
        {
          "max": undefined,
          "min": undefined,
          "now": undefined,
          "text": undefined,
        }
      }
      accessible={true}
      collapsable={false}
      focusable={true}
      onClick={[Function]}
      onResponderGrant={[Function]}
      onResponderMove={[Function]}
      onResponderRelease={[Function]}
      onResponderTerminate={[Function]}
      onResponderTerminationRequest={[Function]}
      onStartShouldSetResponder={[Function]}
      style={
        {
          "alignItems": "center",
          "backgroundColor": "#8AB9EF",
          "borderColor": "grey",
          "borderRadius": 10,
          "marginTop": 10,
          "opacity": 1,
          "padding": 10,
          "width": "80%",
        }
      }
    >
      <Text
        style={
          {
            "color": "white",
          }
        }
      >
        Login
      </Text>
    </View>
  </View>,
]
`;
