// Jest Snapshot v1, https://goo.gl/fbAQLP

exports[`StoreSearch renders correctly 1`] = `
<RCTSafeAreaView
  style={
    {
      "flex": 1,
      "marginHorizontal": 20,
    }
  }
>
  <View>
    <TextInput
      autoCapitalize="none"
      autoCorrect={false}
      clearButtonMode="always"
      onChangeText={[Function]}
      placeholder="Search..."
      style={
        {
          "borderColor": "grey",
          "borderRadius": 10,
          "borderWidth": 1,
          "height": 40,
          "marginTop": 10,
          "paddingLeft": 10,
        }
      }
      value=""
    />
  </View>
  <RCTScrollView
    data={[]}
    getItem={[Function]}
    getItemCount={[Function]}
    keyExtractor={[Function]}
    onContentSizeChange={[Function]}
    onLayout={[Function]}
    onMomentumScrollBegin={[Function]}
    onMomentumScrollEnd={[Function]}
    onScroll={[Function]}
    onScrollBeginDrag={[Function]}
    onScrollEndDrag={[Function]}
    removeClippedSubviews={false}
    renderItem={[Function]}
    scrollEventThrottle={50}
    stickyHeaderIndices={[]}
    viewabilityConfigCallbackPairs={[]}
  >
    <View />
  </RCTScrollView>
</RCTSafeAreaView>
`;
